Archive member included to satisfy reference by file (symbol)

e:/programfilesfolder/microchip studio/7.0/toolchain/avr8/avr8-gnu-toolchain/bin/../lib/gcc/avr/5.4.0/../../../../avr/lib/avr5\libm.a(addsf3.o)
                              Application/Application.o (__subsf3)
e:/programfilesfolder/microchip studio/7.0/toolchain/avr8/avr8-gnu-toolchain/bin/../lib/gcc/avr/5.4.0/../../../../avr/lib/avr5\libm.a(addsf3x.o)
                              e:/programfilesfolder/microchip studio/7.0/toolchain/avr8/avr8-gnu-toolchain/bin/../lib/gcc/avr/5.4.0/../../../../avr/lib/avr5\libm.a(addsf3.o) (__addsf3x)
e:/programfilesfolder/microchip studio/7.0/toolchain/avr8/avr8-gnu-toolchain/bin/../lib/gcc/avr/5.4.0/../../../../avr/lib/avr5\libm.a(divsf3.o)
                              Application/Application.o (__divsf3)
e:/programfilesfolder/microchip studio/7.0/toolchain/avr8/avr8-gnu-toolchain/bin/../lib/gcc/avr/5.4.0/../../../../avr/lib/avr5\libm.a(divsf3x.o)
                              e:/programfilesfolder/microchip studio/7.0/toolchain/avr8/avr8-gnu-toolchain/bin/../lib/gcc/avr/5.4.0/../../../../avr/lib/avr5\libm.a(divsf3.o) (__divsf3x)
e:/programfilesfolder/microchip studio/7.0/toolchain/avr8/avr8-gnu-toolchain/bin/../lib/gcc/avr/5.4.0/../../../../avr/lib/avr5\libm.a(fixunssfsi.o)
                              Application/Application.o (__fixunssfsi)
e:/programfilesfolder/microchip studio/7.0/toolchain/avr8/avr8-gnu-toolchain/bin/../lib/gcc/avr/5.4.0/../../../../avr/lib/avr5\libm.a(floatsisf.o)
                              HAL/GLCD/GLCD.o (__floatunsisf)
e:/programfilesfolder/microchip studio/7.0/toolchain/avr8/avr8-gnu-toolchain/bin/../lib/gcc/avr/5.4.0/../../../../avr/lib/avr5\libm.a(fp_inf.o)
                              e:/programfilesfolder/microchip studio/7.0/toolchain/avr8/avr8-gnu-toolchain/bin/../lib/gcc/avr/5.4.0/../../../../avr/lib/avr5\libm.a(addsf3x.o) (__fp_inf)
e:/programfilesfolder/microchip studio/7.0/toolchain/avr8/avr8-gnu-toolchain/bin/../lib/gcc/avr/5.4.0/../../../../avr/lib/avr5\libm.a(fp_nan.o)
                              e:/programfilesfolder/microchip studio/7.0/toolchain/avr8/avr8-gnu-toolchain/bin/../lib/gcc/avr/5.4.0/../../../../avr/lib/avr5\libm.a(addsf3x.o) (__fp_nan)
e:/programfilesfolder/microchip studio/7.0/toolchain/avr8/avr8-gnu-toolchain/bin/../lib/gcc/avr/5.4.0/../../../../avr/lib/avr5\libm.a(fp_pscA.o)
                              e:/programfilesfolder/microchip studio/7.0/toolchain/avr8/avr8-gnu-toolchain/bin/../lib/gcc/avr/5.4.0/../../../../avr/lib/avr5\libm.a(addsf3x.o) (__fp_pscA)
e:/programfilesfolder/microchip studio/7.0/toolchain/avr8/avr8-gnu-toolchain/bin/../lib/gcc/avr/5.4.0/../../../../avr/lib/avr5\libm.a(fp_pscB.o)
                              e:/programfilesfolder/microchip studio/7.0/toolchain/avr8/avr8-gnu-toolchain/bin/../lib/gcc/avr/5.4.0/../../../../avr/lib/avr5\libm.a(addsf3x.o) (__fp_pscB)
e:/programfilesfolder/microchip studio/7.0/toolchain/avr8/avr8-gnu-toolchain/bin/../lib/gcc/avr/5.4.0/../../../../avr/lib/avr5\libm.a(fp_round.o)
                              e:/programfilesfolder/microchip studio/7.0/toolchain/avr8/avr8-gnu-toolchain/bin/../lib/gcc/avr/5.4.0/../../../../avr/lib/avr5\libm.a(addsf3.o) (__fp_round)
e:/programfilesfolder/microchip studio/7.0/toolchain/avr8/avr8-gnu-toolchain/bin/../lib/gcc/avr/5.4.0/../../../../avr/lib/avr5\libm.a(fp_split3.o)
                              e:/programfilesfolder/microchip studio/7.0/toolchain/avr8/avr8-gnu-toolchain/bin/../lib/gcc/avr/5.4.0/../../../../avr/lib/avr5\libm.a(addsf3x.o) (__fp_split3)
e:/programfilesfolder/microchip studio/7.0/toolchain/avr8/avr8-gnu-toolchain/bin/../lib/gcc/avr/5.4.0/../../../../avr/lib/avr5\libm.a(fp_zero.o)
                              e:/programfilesfolder/microchip studio/7.0/toolchain/avr8/avr8-gnu-toolchain/bin/../lib/gcc/avr/5.4.0/../../../../avr/lib/avr5\libm.a(addsf3x.o) (__fp_zero)
e:/programfilesfolder/microchip studio/7.0/toolchain/avr8/avr8-gnu-toolchain/bin/../lib/gcc/avr/5.4.0/../../../../avr/lib/avr5\libm.a(mulsf3.o)
                              Application/Application.o (__mulsf3)
e:/programfilesfolder/microchip studio/7.0/toolchain/avr8/avr8-gnu-toolchain/bin/../lib/gcc/avr/5.4.0/../../../../avr/lib/avr5\libm.a(mulsf3x.o)
                              e:/programfilesfolder/microchip studio/7.0/toolchain/avr8/avr8-gnu-toolchain/bin/../lib/gcc/avr/5.4.0/../../../../avr/lib/avr5\libm.a(mulsf3.o) (__mulsf3x)
e:/programfilesfolder/microchip studio/7.0/toolchain/avr8/avr8-gnu-toolchain/bin/../lib/gcc/avr/5.4.0/avr5\libgcc.a(_divmodhi4.o)
                              HAL/GLCD/GLCD.o (__divmodhi4)
e:/programfilesfolder/microchip studio/7.0/toolchain/avr8/avr8-gnu-toolchain/bin/../lib/gcc/avr/5.4.0/avr5\libgcc.a(_exit.o)
                              E:/ProgramFilesFolder/Microchip Studio/7.0/Packs/atmel/ATmega_DFP/1.7.374/gcc/dev/atmega32/avr5/crtatmega32.o (exit)
e:/programfilesfolder/microchip studio/7.0/toolchain/avr8/avr8-gnu-toolchain/bin/../lib/gcc/avr/5.4.0/avr5\libgcc.a(_tablejump2.o)
                              HAL/GLCD/GLCD.o (__tablejump2__)
e:/programfilesfolder/microchip studio/7.0/toolchain/avr8/avr8-gnu-toolchain/bin/../lib/gcc/avr/5.4.0/avr5\libgcc.a(_copy_data.o)
                              Application/Application.o (__do_copy_data)
e:/programfilesfolder/microchip studio/7.0/toolchain/avr8/avr8-gnu-toolchain/bin/../lib/gcc/avr/5.4.0/avr5\libgcc.a(_clear_bss.o)
                              HAL/GLCD/GLCD.o (__do_clear_bss)
e:/programfilesfolder/microchip studio/7.0/toolchain/avr8/avr8-gnu-toolchain/bin/../lib/gcc/avr/5.4.0/avr5\libgcc.a(_muluhisi3.o)
                              MCAL/Timers/Timers.o (__muluhisi3)
e:/programfilesfolder/microchip studio/7.0/toolchain/avr8/avr8-gnu-toolchain/bin/../lib/gcc/avr/5.4.0/avr5\libgcc.a(_ashrdi3.o)
                              HAL/GLCD/GLCD.o (__lshrdi3)
e:/programfilesfolder/microchip studio/7.0/toolchain/avr8/avr8-gnu-toolchain/bin/../lib/gcc/avr/5.4.0/avr5\libgcc.a(_udivmodhi4.o)
                              e:/programfilesfolder/microchip studio/7.0/toolchain/avr8/avr8-gnu-toolchain/bin/../lib/gcc/avr/5.4.0/avr5\libgcc.a(_divmodhi4.o) (__udivmodhi4)
e:/programfilesfolder/microchip studio/7.0/toolchain/avr8/avr8-gnu-toolchain/bin/../lib/gcc/avr/5.4.0/avr5\libgcc.a(_umulhisi3.o)
                              e:/programfilesfolder/microchip studio/7.0/toolchain/avr8/avr8-gnu-toolchain/bin/../lib/gcc/avr/5.4.0/avr5\libgcc.a(_muluhisi3.o) (__umulhisi3)

Discarded input sections

 .data          0x00000000        0x0 E:/ProgramFilesFolder/Microchip Studio/7.0/Packs/atmel/ATmega_DFP/1.7.374/gcc/dev/atmega32/avr5/crtatmega32.o
 .bss           0x00000000        0x0 E:/ProgramFilesFolder/Microchip Studio/7.0/Packs/atmel/ATmega_DFP/1.7.374/gcc/dev/atmega32/avr5/crtatmega32.o
 .text          0x00000000        0x0 Application/Application.o
 .data          0x00000000        0x0 Application/Application.o
 .bss           0x00000000        0x0 Application/Application.o
 .data.Line_Patterns
                0x00000000       0x38 Application/Application.o
 .text          0x00000000        0x0 HAL/GLCD/GLCD.o
 .data          0x00000000        0x0 HAL/GLCD/GLCD.o
 .bss           0x00000000        0x0 HAL/GLCD/GLCD.o
 .text          0x00000000        0x0 main.o
 .data          0x00000000        0x0 main.o
 .bss           0x00000000        0x0 main.o
 .text          0x00000000        0x0 MCAL/DIO/DIO.o
 .data          0x00000000        0x0 MCAL/DIO/DIO.o
 .bss           0x00000000        0x0 MCAL/DIO/DIO.o
 .text.DIO_TogglePinValue
                0x00000000       0x68 MCAL/DIO/DIO.o
 .text.DIO_GetPinValue
                0x00000000       0x5c MCAL/DIO/DIO.o
 .text          0x00000000        0x0 MCAL/ICU/ICU.o
 .data          0x00000000        0x0 MCAL/ICU/ICU.o
 .bss           0x00000000        0x0 MCAL/ICU/ICU.o
 .text          0x00000000        0x0 MCAL/Timers/Timers.o
 .data          0x00000000        0x0 MCAL/Timers/Timers.o
 .bss           0x00000000        0x0 MCAL/Timers/Timers.o
 .text.Timers_InitTimer0
                0x00000000       0x6a MCAL/Timers/Timers.o
 .text.Timers_InitTimer1
                0x00000000       0x78 MCAL/Timers/Timers.o
 .text.Timers_InitTimer2
                0x00000000       0x50 MCAL/Timers/Timers.o
 .text.Timers_Init
                0x00000000       0x44 MCAL/Timers/Timers.o
 .text.Timers_Delay_us
                0x00000000      0x254 MCAL/Timers/Timers.o
 .progmem.gcc_sw_table.Timers_Delay_us
                0x00000000        0xe MCAL/Timers/Timers.o
 .text.Timers_Delay_ms
                0x00000000      0x254 MCAL/Timers/Timers.o
 .progmem.gcc_sw_table.Timers_Delay_ms
                0x00000000        0xe MCAL/Timers/Timers.o
 .text.Timers_GetTimerStatus
                0x00000000       0x70 MCAL/Timers/Timers.o
 .text.PWM_SetDuty
                0x00000000       0x70 MCAL/Timers/Timers.o
 .bss.PWM_TimerTopValue
                0x00000000        0x2 MCAL/Timers/Timers.o
 .rodata.Timers_Config
                0x00000000        0x4 MCAL/Timers/Timers.o
 .text          0x00000000        0x0 e:/programfilesfolder/microchip studio/7.0/toolchain/avr8/avr8-gnu-toolchain/bin/../lib/gcc/avr/5.4.0/../../../../avr/lib/avr5\libm.a(addsf3.o)
 .data          0x00000000        0x0 e:/programfilesfolder/microchip studio/7.0/toolchain/avr8/avr8-gnu-toolchain/bin/../lib/gcc/avr/5.4.0/../../../../avr/lib/avr5\libm.a(addsf3.o)
 .bss           0x00000000        0x0 e:/programfilesfolder/microchip studio/7.0/toolchain/avr8/avr8-gnu-toolchain/bin/../lib/gcc/avr/5.4.0/../../../../avr/lib/avr5\libm.a(addsf3.o)
 .text          0x00000000        0x0 e:/programfilesfolder/microchip studio/7.0/toolchain/avr8/avr8-gnu-toolchain/bin/../lib/gcc/avr/5.4.0/../../../../avr/lib/avr5\libm.a(addsf3x.o)
 .data          0x00000000        0x0 e:/programfilesfolder/microchip studio/7.0/toolchain/avr8/avr8-gnu-toolchain/bin/../lib/gcc/avr/5.4.0/../../../../avr/lib/avr5\libm.a(addsf3x.o)
 .bss           0x00000000        0x0 e:/programfilesfolder/microchip studio/7.0/toolchain/avr8/avr8-gnu-toolchain/bin/../lib/gcc/avr/5.4.0/../../../../avr/lib/avr5\libm.a(addsf3x.o)
 .text          0x00000000        0x0 e:/programfilesfolder/microchip studio/7.0/toolchain/avr8/avr8-gnu-toolchain/bin/../lib/gcc/avr/5.4.0/../../../../avr/lib/avr5\libm.a(divsf3.o)
 .data          0x00000000        0x0 e:/programfilesfolder/microchip studio/7.0/toolchain/avr8/avr8-gnu-toolchain/bin/../lib/gcc/avr/5.4.0/../../../../avr/lib/avr5\libm.a(divsf3.o)
 .bss           0x00000000        0x0 e:/programfilesfolder/microchip studio/7.0/toolchain/avr8/avr8-gnu-toolchain/bin/../lib/gcc/avr/5.4.0/../../../../avr/lib/avr5\libm.a(divsf3.o)
 .text          0x00000000        0x0 e:/programfilesfolder/microchip studio/7.0/toolchain/avr8/avr8-gnu-toolchain/bin/../lib/gcc/avr/5.4.0/../../../../avr/lib/avr5\libm.a(divsf3x.o)
 .data          0x00000000        0x0 e:/programfilesfolder/microchip studio/7.0/toolchain/avr8/avr8-gnu-toolchain/bin/../lib/gcc/avr/5.4.0/../../../../avr/lib/avr5\libm.a(divsf3x.o)
 .bss           0x00000000        0x0 e:/programfilesfolder/microchip studio/7.0/toolchain/avr8/avr8-gnu-toolchain/bin/../lib/gcc/avr/5.4.0/../../../../avr/lib/avr5\libm.a(divsf3x.o)
 .text          0x00000000        0x0 e:/programfilesfolder/microchip studio/7.0/toolchain/avr8/avr8-gnu-toolchain/bin/../lib/gcc/avr/5.4.0/../../../../avr/lib/avr5\libm.a(fixunssfsi.o)
 .data          0x00000000        0x0 e:/programfilesfolder/microchip studio/7.0/toolchain/avr8/avr8-gnu-toolchain/bin/../lib/gcc/avr/5.4.0/../../../../avr/lib/avr5\libm.a(fixunssfsi.o)
 .bss           0x00000000        0x0 e:/programfilesfolder/microchip studio/7.0/toolchain/avr8/avr8-gnu-toolchain/bin/../lib/gcc/avr/5.4.0/../../../../avr/lib/avr5\libm.a(fixunssfsi.o)
 .text          0x00000000        0x0 e:/programfilesfolder/microchip studio/7.0/toolchain/avr8/avr8-gnu-toolchain/bin/../lib/gcc/avr/5.4.0/../../../../avr/lib/avr5\libm.a(floatsisf.o)
 .data          0x00000000        0x0 e:/programfilesfolder/microchip studio/7.0/toolchain/avr8/avr8-gnu-toolchain/bin/../lib/gcc/avr/5.4.0/../../../../avr/lib/avr5\libm.a(floatsisf.o)
 .bss           0x00000000        0x0 e:/programfilesfolder/microchip studio/7.0/toolchain/avr8/avr8-gnu-toolchain/bin/../lib/gcc/avr/5.4.0/../../../../avr/lib/avr5\libm.a(floatsisf.o)
 .text          0x00000000        0x0 e:/programfilesfolder/microchip studio/7.0/toolchain/avr8/avr8-gnu-toolchain/bin/../lib/gcc/avr/5.4.0/../../../../avr/lib/avr5\libm.a(fp_inf.o)
 .data          0x00000000        0x0 e:/programfilesfolder/microchip studio/7.0/toolchain/avr8/avr8-gnu-toolchain/bin/../lib/gcc/avr/5.4.0/../../../../avr/lib/avr5\libm.a(fp_inf.o)
 .bss           0x00000000        0x0 e:/programfilesfolder/microchip studio/7.0/toolchain/avr8/avr8-gnu-toolchain/bin/../lib/gcc/avr/5.4.0/../../../../avr/lib/avr5\libm.a(fp_inf.o)
 .text          0x00000000        0x0 e:/programfilesfolder/microchip studio/7.0/toolchain/avr8/avr8-gnu-toolchain/bin/../lib/gcc/avr/5.4.0/../../../../avr/lib/avr5\libm.a(fp_nan.o)
 .data          0x00000000        0x0 e:/programfilesfolder/microchip studio/7.0/toolchain/avr8/avr8-gnu-toolchain/bin/../lib/gcc/avr/5.4.0/../../../../avr/lib/avr5\libm.a(fp_nan.o)
 .bss           0x00000000        0x0 e:/programfilesfolder/microchip studio/7.0/toolchain/avr8/avr8-gnu-toolchain/bin/../lib/gcc/avr/5.4.0/../../../../avr/lib/avr5\libm.a(fp_nan.o)
 .text          0x00000000        0x0 e:/programfilesfolder/microchip studio/7.0/toolchain/avr8/avr8-gnu-toolchain/bin/../lib/gcc/avr/5.4.0/../../../../avr/lib/avr5\libm.a(fp_pscA.o)
 .data          0x00000000        0x0 e:/programfilesfolder/microchip studio/7.0/toolchain/avr8/avr8-gnu-toolchain/bin/../lib/gcc/avr/5.4.0/../../../../avr/lib/avr5\libm.a(fp_pscA.o)
 .bss           0x00000000        0x0 e:/programfilesfolder/microchip studio/7.0/toolchain/avr8/avr8-gnu-toolchain/bin/../lib/gcc/avr/5.4.0/../../../../avr/lib/avr5\libm.a(fp_pscA.o)
 .text          0x00000000        0x0 e:/programfilesfolder/microchip studio/7.0/toolchain/avr8/avr8-gnu-toolchain/bin/../lib/gcc/avr/5.4.0/../../../../avr/lib/avr5\libm.a(fp_pscB.o)
 .data          0x00000000        0x0 e:/programfilesfolder/microchip studio/7.0/toolchain/avr8/avr8-gnu-toolchain/bin/../lib/gcc/avr/5.4.0/../../../../avr/lib/avr5\libm.a(fp_pscB.o)
 .bss           0x00000000        0x0 e:/programfilesfolder/microchip studio/7.0/toolchain/avr8/avr8-gnu-toolchain/bin/../lib/gcc/avr/5.4.0/../../../../avr/lib/avr5\libm.a(fp_pscB.o)
 .text          0x00000000        0x0 e:/programfilesfolder/microchip studio/7.0/toolchain/avr8/avr8-gnu-toolchain/bin/../lib/gcc/avr/5.4.0/../../../../avr/lib/avr5\libm.a(fp_round.o)
 .data          0x00000000        0x0 e:/programfilesfolder/microchip studio/7.0/toolchain/avr8/avr8-gnu-toolchain/bin/../lib/gcc/avr/5.4.0/../../../../avr/lib/avr5\libm.a(fp_round.o)
 .bss           0x00000000        0x0 e:/programfilesfolder/microchip studio/7.0/toolchain/avr8/avr8-gnu-toolchain/bin/../lib/gcc/avr/5.4.0/../../../../avr/lib/avr5\libm.a(fp_round.o)
 .text          0x00000000        0x0 e:/programfilesfolder/microchip studio/7.0/toolchain/avr8/avr8-gnu-toolchain/bin/../lib/gcc/avr/5.4.0/../../../../avr/lib/avr5\libm.a(fp_split3.o)
 .data          0x00000000        0x0 e:/programfilesfolder/microchip studio/7.0/toolchain/avr8/avr8-gnu-toolchain/bin/../lib/gcc/avr/5.4.0/../../../../avr/lib/avr5\libm.a(fp_split3.o)
 .bss           0x00000000        0x0 e:/programfilesfolder/microchip studio/7.0/toolchain/avr8/avr8-gnu-toolchain/bin/../lib/gcc/avr/5.4.0/../../../../avr/lib/avr5\libm.a(fp_split3.o)
 .text          0x00000000        0x0 e:/programfilesfolder/microchip studio/7.0/toolchain/avr8/avr8-gnu-toolchain/bin/../lib/gcc/avr/5.4.0/../../../../avr/lib/avr5\libm.a(fp_zero.o)
 .data          0x00000000        0x0 e:/programfilesfolder/microchip studio/7.0/toolchain/avr8/avr8-gnu-toolchain/bin/../lib/gcc/avr/5.4.0/../../../../avr/lib/avr5\libm.a(fp_zero.o)
 .bss           0x00000000        0x0 e:/programfilesfolder/microchip studio/7.0/toolchain/avr8/avr8-gnu-toolchain/bin/../lib/gcc/avr/5.4.0/../../../../avr/lib/avr5\libm.a(fp_zero.o)
 .text          0x00000000        0x0 e:/programfilesfolder/microchip studio/7.0/toolchain/avr8/avr8-gnu-toolchain/bin/../lib/gcc/avr/5.4.0/../../../../avr/lib/avr5\libm.a(mulsf3.o)
 .data          0x00000000        0x0 e:/programfilesfolder/microchip studio/7.0/toolchain/avr8/avr8-gnu-toolchain/bin/../lib/gcc/avr/5.4.0/../../../../avr/lib/avr5\libm.a(mulsf3.o)
 .bss           0x00000000        0x0 e:/programfilesfolder/microchip studio/7.0/toolchain/avr8/avr8-gnu-toolchain/bin/../lib/gcc/avr/5.4.0/../../../../avr/lib/avr5\libm.a(mulsf3.o)
 .text          0x00000000        0x0 e:/programfilesfolder/microchip studio/7.0/toolchain/avr8/avr8-gnu-toolchain/bin/../lib/gcc/avr/5.4.0/../../../../avr/lib/avr5\libm.a(mulsf3x.o)
 .data          0x00000000        0x0 e:/programfilesfolder/microchip studio/7.0/toolchain/avr8/avr8-gnu-toolchain/bin/../lib/gcc/avr/5.4.0/../../../../avr/lib/avr5\libm.a(mulsf3x.o)
 .bss           0x00000000        0x0 e:/programfilesfolder/microchip studio/7.0/toolchain/avr8/avr8-gnu-toolchain/bin/../lib/gcc/avr/5.4.0/../../../../avr/lib/avr5\libm.a(mulsf3x.o)
 .text          0x00000000        0x0 e:/programfilesfolder/microchip studio/7.0/toolchain/avr8/avr8-gnu-toolchain/bin/../lib/gcc/avr/5.4.0/avr5\libgcc.a(_divmodhi4.o)
 .data          0x00000000        0x0 e:/programfilesfolder/microchip studio/7.0/toolchain/avr8/avr8-gnu-toolchain/bin/../lib/gcc/avr/5.4.0/avr5\libgcc.a(_divmodhi4.o)
 .bss           0x00000000        0x0 e:/programfilesfolder/microchip studio/7.0/toolchain/avr8/avr8-gnu-toolchain/bin/../lib/gcc/avr/5.4.0/avr5\libgcc.a(_divmodhi4.o)
 .text.libgcc.mul
                0x00000000        0x0 e:/programfilesfolder/microchip studio/7.0/toolchain/avr8/avr8-gnu-toolchain/bin/../lib/gcc/avr/5.4.0/avr5\libgcc.a(_divmodhi4.o)
 .text.libgcc   0x00000000        0x0 e:/programfilesfolder/microchip studio/7.0/toolchain/avr8/avr8-gnu-toolchain/bin/../lib/gcc/avr/5.4.0/avr5\libgcc.a(_divmodhi4.o)
 .text.libgcc.prologue
                0x00000000        0x0 e:/programfilesfolder/microchip studio/7.0/toolchain/avr8/avr8-gnu-toolchain/bin/../lib/gcc/avr/5.4.0/avr5\libgcc.a(_divmodhi4.o)
 .text.libgcc.builtins
                0x00000000        0x0 e:/programfilesfolder/microchip studio/7.0/toolchain/avr8/avr8-gnu-toolchain/bin/../lib/gcc/avr/5.4.0/avr5\libgcc.a(_divmodhi4.o)
 .text.libgcc.fmul
                0x00000000        0x0 e:/programfilesfolder/microchip studio/7.0/toolchain/avr8/avr8-gnu-toolchain/bin/../lib/gcc/avr/5.4.0/avr5\libgcc.a(_divmodhi4.o)
 .text.libgcc.fixed
                0x00000000        0x0 e:/programfilesfolder/microchip studio/7.0/toolchain/avr8/avr8-gnu-toolchain/bin/../lib/gcc/avr/5.4.0/avr5\libgcc.a(_divmodhi4.o)
 .text          0x00000000        0x0 e:/programfilesfolder/microchip studio/7.0/toolchain/avr8/avr8-gnu-toolchain/bin/../lib/gcc/avr/5.4.0/avr5\libgcc.a(_exit.o)
 .data          0x00000000        0x0 e:/programfilesfolder/microchip studio/7.0/toolchain/avr8/avr8-gnu-toolchain/bin/../lib/gcc/avr/5.4.0/avr5\libgcc.a(_exit.o)
 .bss           0x00000000        0x0 e:/programfilesfolder/microchip studio/7.0/toolchain/avr8/avr8-gnu-toolchain/bin/../lib/gcc/avr/5.4.0/avr5\libgcc.a(_exit.o)
 .text.libgcc.mul
                0x00000000        0x0 e:/programfilesfolder/microchip studio/7.0/toolchain/avr8/avr8-gnu-toolchain/bin/../lib/gcc/avr/5.4.0/avr5\libgcc.a(_exit.o)
 .text.libgcc.div
                0x00000000        0x0 e:/programfilesfolder/microchip studio/7.0/toolchain/avr8/avr8-gnu-toolchain/bin/../lib/gcc/avr/5.4.0/avr5\libgcc.a(_exit.o)
 .text.libgcc   0x00000000        0x0 e:/programfilesfolder/microchip studio/7.0/toolchain/avr8/avr8-gnu-toolchain/bin/../lib/gcc/avr/5.4.0/avr5\libgcc.a(_exit.o)
 .text.libgcc.prologue
                0x00000000        0x0 e:/programfilesfolder/microchip studio/7.0/toolchain/avr8/avr8-gnu-toolchain/bin/../lib/gcc/avr/5.4.0/avr5\libgcc.a(_exit.o)
 .text.libgcc.builtins
                0x00000000        0x0 e:/programfilesfolder/microchip studio/7.0/toolchain/avr8/avr8-gnu-toolchain/bin/../lib/gcc/avr/5.4.0/avr5\libgcc.a(_exit.o)
 .text.libgcc.fmul
                0x00000000        0x0 e:/programfilesfolder/microchip studio/7.0/toolchain/avr8/avr8-gnu-toolchain/bin/../lib/gcc/avr/5.4.0/avr5\libgcc.a(_exit.o)
 .text.libgcc.fixed
                0x00000000        0x0 e:/programfilesfolder/microchip studio/7.0/toolchain/avr8/avr8-gnu-toolchain/bin/../lib/gcc/avr/5.4.0/avr5\libgcc.a(_exit.o)
 .text          0x00000000        0x0 e:/programfilesfolder/microchip studio/7.0/toolchain/avr8/avr8-gnu-toolchain/bin/../lib/gcc/avr/5.4.0/avr5\libgcc.a(_tablejump2.o)
 .data          0x00000000        0x0 e:/programfilesfolder/microchip studio/7.0/toolchain/avr8/avr8-gnu-toolchain/bin/../lib/gcc/avr/5.4.0/avr5\libgcc.a(_tablejump2.o)
 .bss           0x00000000        0x0 e:/programfilesfolder/microchip studio/7.0/toolchain/avr8/avr8-gnu-toolchain/bin/../lib/gcc/avr/5.4.0/avr5\libgcc.a(_tablejump2.o)
 .text.libgcc.mul
                0x00000000        0x0 e:/programfilesfolder/microchip studio/7.0/toolchain/avr8/avr8-gnu-toolchain/bin/../lib/gcc/avr/5.4.0/avr5\libgcc.a(_tablejump2.o)
 .text.libgcc.div
                0x00000000        0x0 e:/programfilesfolder/microchip studio/7.0/toolchain/avr8/avr8-gnu-toolchain/bin/../lib/gcc/avr/5.4.0/avr5\libgcc.a(_tablejump2.o)
 .text.libgcc.prologue
                0x00000000        0x0 e:/programfilesfolder/microchip studio/7.0/toolchain/avr8/avr8-gnu-toolchain/bin/../lib/gcc/avr/5.4.0/avr5\libgcc.a(_tablejump2.o)
 .text.libgcc.builtins
                0x00000000        0x0 e:/programfilesfolder/microchip studio/7.0/toolchain/avr8/avr8-gnu-toolchain/bin/../lib/gcc/avr/5.4.0/avr5\libgcc.a(_tablejump2.o)
 .text.libgcc.fmul
                0x00000000        0x0 e:/programfilesfolder/microchip studio/7.0/toolchain/avr8/avr8-gnu-toolchain/bin/../lib/gcc/avr/5.4.0/avr5\libgcc.a(_tablejump2.o)
 .text.libgcc.fixed
                0x00000000        0x0 e:/programfilesfolder/microchip studio/7.0/toolchain/avr8/avr8-gnu-toolchain/bin/../lib/gcc/avr/5.4.0/avr5\libgcc.a(_tablejump2.o)
 .text          0x00000000        0x0 e:/programfilesfolder/microchip studio/7.0/toolchain/avr8/avr8-gnu-toolchain/bin/../lib/gcc/avr/5.4.0/avr5\libgcc.a(_copy_data.o)
 .data          0x00000000        0x0 e:/programfilesfolder/microchip studio/7.0/toolchain/avr8/avr8-gnu-toolchain/bin/../lib/gcc/avr/5.4.0/avr5\libgcc.a(_copy_data.o)
 .bss           0x00000000        0x0 e:/programfilesfolder/microchip studio/7.0/toolchain/avr8/avr8-gnu-toolchain/bin/../lib/gcc/avr/5.4.0/avr5\libgcc.a(_copy_data.o)
 .text.libgcc.mul
                0x00000000        0x0 e:/programfilesfolder/microchip studio/7.0/toolchain/avr8/avr8-gnu-toolchain/bin/../lib/gcc/avr/5.4.0/avr5\libgcc.a(_copy_data.o)
 .text.libgcc.div
                0x00000000        0x0 e:/programfilesfolder/microchip studio/7.0/toolchain/avr8/avr8-gnu-toolchain/bin/../lib/gcc/avr/5.4.0/avr5\libgcc.a(_copy_data.o)
 .text.libgcc   0x00000000        0x0 e:/programfilesfolder/microchip studio/7.0/toolchain/avr8/avr8-gnu-toolchain/bin/../lib/gcc/avr/5.4.0/avr5\libgcc.a(_copy_data.o)
 .text.libgcc.prologue
                0x00000000        0x0 e:/programfilesfolder/microchip studio/7.0/toolchain/avr8/avr8-gnu-toolchain/bin/../lib/gcc/avr/5.4.0/avr5\libgcc.a(_copy_data.o)
 .text.libgcc.builtins
                0x00000000        0x0 e:/programfilesfolder/microchip studio/7.0/toolchain/avr8/avr8-gnu-toolchain/bin/../lib/gcc/avr/5.4.0/avr5\libgcc.a(_copy_data.o)
 .text.libgcc.fmul
                0x00000000        0x0 e:/programfilesfolder/microchip studio/7.0/toolchain/avr8/avr8-gnu-toolchain/bin/../lib/gcc/avr/5.4.0/avr5\libgcc.a(_copy_data.o)
 .text.libgcc.fixed
                0x00000000        0x0 e:/programfilesfolder/microchip studio/7.0/toolchain/avr8/avr8-gnu-toolchain/bin/../lib/gcc/avr/5.4.0/avr5\libgcc.a(_copy_data.o)
 .text          0x00000000        0x0 e:/programfilesfolder/microchip studio/7.0/toolchain/avr8/avr8-gnu-toolchain/bin/../lib/gcc/avr/5.4.0/avr5\libgcc.a(_clear_bss.o)
 .data          0x00000000        0x0 e:/programfilesfolder/microchip studio/7.0/toolchain/avr8/avr8-gnu-toolchain/bin/../lib/gcc/avr/5.4.0/avr5\libgcc.a(_clear_bss.o)
 .bss           0x00000000        0x0 e:/programfilesfolder/microchip studio/7.0/toolchain/avr8/avr8-gnu-toolchain/bin/../lib/gcc/avr/5.4.0/avr5\libgcc.a(_clear_bss.o)
 .text.libgcc.mul
                0x00000000        0x0 e:/programfilesfolder/microchip studio/7.0/toolchain/avr8/avr8-gnu-toolchain/bin/../lib/gcc/avr/5.4.0/avr5\libgcc.a(_clear_bss.o)
 .text.libgcc.div
                0x00000000        0x0 e:/programfilesfolder/microchip studio/7.0/toolchain/avr8/avr8-gnu-toolchain/bin/../lib/gcc/avr/5.4.0/avr5\libgcc.a(_clear_bss.o)
 .text.libgcc   0x00000000        0x0 e:/programfilesfolder/microchip studio/7.0/toolchain/avr8/avr8-gnu-toolchain/bin/../lib/gcc/avr/5.4.0/avr5\libgcc.a(_clear_bss.o)
 .text.libgcc.prologue
                0x00000000        0x0 e:/programfilesfolder/microchip studio/7.0/toolchain/avr8/avr8-gnu-toolchain/bin/../lib/gcc/avr/5.4.0/avr5\libgcc.a(_clear_bss.o)
 .text.libgcc.builtins
                0x00000000        0x0 e:/programfilesfolder/microchip studio/7.0/toolchain/avr8/avr8-gnu-toolchain/bin/../lib/gcc/avr/5.4.0/avr5\libgcc.a(_clear_bss.o)
 .text.libgcc.fmul
                0x00000000        0x0 e:/programfilesfolder/microchip studio/7.0/toolchain/avr8/avr8-gnu-toolchain/bin/../lib/gcc/avr/5.4.0/avr5\libgcc.a(_clear_bss.o)
 .text.libgcc.fixed
                0x00000000        0x0 e:/programfilesfolder/microchip studio/7.0/toolchain/avr8/avr8-gnu-toolchain/bin/../lib/gcc/avr/5.4.0/avr5\libgcc.a(_clear_bss.o)
 .text          0x00000000        0x0 e:/programfilesfolder/microchip studio/7.0/toolchain/avr8/avr8-gnu-toolchain/bin/../lib/gcc/avr/5.4.0/avr5\libgcc.a(_muluhisi3.o)
 .data          0x00000000        0x0 e:/programfilesfolder/microchip studio/7.0/toolchain/avr8/avr8-gnu-toolchain/bin/../lib/gcc/avr/5.4.0/avr5\libgcc.a(_muluhisi3.o)
 .bss           0x00000000        0x0 e:/programfilesfolder/microchip studio/7.0/toolchain/avr8/avr8-gnu-toolchain/bin/../lib/gcc/avr/5.4.0/avr5\libgcc.a(_muluhisi3.o)
 .text.libgcc.mul
                0x00000000       0x16 e:/programfilesfolder/microchip studio/7.0/toolchain/avr8/avr8-gnu-toolchain/bin/../lib/gcc/avr/5.4.0/avr5\libgcc.a(_muluhisi3.o)
 .text.libgcc.div
                0x00000000        0x0 e:/programfilesfolder/microchip studio/7.0/toolchain/avr8/avr8-gnu-toolchain/bin/../lib/gcc/avr/5.4.0/avr5\libgcc.a(_muluhisi3.o)
 .text.libgcc   0x00000000        0x0 e:/programfilesfolder/microchip studio/7.0/toolchain/avr8/avr8-gnu-toolchain/bin/../lib/gcc/avr/5.4.0/avr5\libgcc.a(_muluhisi3.o)
 .text.libgcc.prologue
                0x00000000        0x0 e:/programfilesfolder/microchip studio/7.0/toolchain/avr8/avr8-gnu-toolchain/bin/../lib/gcc/avr/5.4.0/avr5\libgcc.a(_muluhisi3.o)
 .text.libgcc.builtins
                0x00000000        0x0 e:/programfilesfolder/microchip studio/7.0/toolchain/avr8/avr8-gnu-toolchain/bin/../lib/gcc/avr/5.4.0/avr5\libgcc.a(_muluhisi3.o)
 .text.libgcc.fmul
                0x00000000        0x0 e:/programfilesfolder/microchip studio/7.0/toolchain/avr8/avr8-gnu-toolchain/bin/../lib/gcc/avr/5.4.0/avr5\libgcc.a(_muluhisi3.o)
 .text.libgcc.fixed
                0x00000000        0x0 e:/programfilesfolder/microchip studio/7.0/toolchain/avr8/avr8-gnu-toolchain/bin/../lib/gcc/avr/5.4.0/avr5\libgcc.a(_muluhisi3.o)
 .text          0x00000000        0x0 e:/programfilesfolder/microchip studio/7.0/toolchain/avr8/avr8-gnu-toolchain/bin/../lib/gcc/avr/5.4.0/avr5\libgcc.a(_ashrdi3.o)
 .data          0x00000000        0x0 e:/programfilesfolder/microchip studio/7.0/toolchain/avr8/avr8-gnu-toolchain/bin/../lib/gcc/avr/5.4.0/avr5\libgcc.a(_ashrdi3.o)
 .bss           0x00000000        0x0 e:/programfilesfolder/microchip studio/7.0/toolchain/avr8/avr8-gnu-toolchain/bin/../lib/gcc/avr/5.4.0/avr5\libgcc.a(_ashrdi3.o)
 .text.libgcc.mul
                0x00000000        0x0 e:/programfilesfolder/microchip studio/7.0/toolchain/avr8/avr8-gnu-toolchain/bin/../lib/gcc/avr/5.4.0/avr5\libgcc.a(_ashrdi3.o)
 .text.libgcc.div
                0x00000000        0x0 e:/programfilesfolder/microchip studio/7.0/toolchain/avr8/avr8-gnu-toolchain/bin/../lib/gcc/avr/5.4.0/avr5\libgcc.a(_ashrdi3.o)
 .text.libgcc   0x00000000        0x0 e:/programfilesfolder/microchip studio/7.0/toolchain/avr8/avr8-gnu-toolchain/bin/../lib/gcc/avr/5.4.0/avr5\libgcc.a(_ashrdi3.o)
 .text.libgcc.prologue
                0x00000000        0x0 e:/programfilesfolder/microchip studio/7.0/toolchain/avr8/avr8-gnu-toolchain/bin/../lib/gcc/avr/5.4.0/avr5\libgcc.a(_ashrdi3.o)
 .text.libgcc.fmul
                0x00000000        0x0 e:/programfilesfolder/microchip studio/7.0/toolchain/avr8/avr8-gnu-toolchain/bin/../lib/gcc/avr/5.4.0/avr5\libgcc.a(_ashrdi3.o)
 .text.libgcc.fixed
                0x00000000        0x0 e:/programfilesfolder/microchip studio/7.0/toolchain/avr8/avr8-gnu-toolchain/bin/../lib/gcc/avr/5.4.0/avr5\libgcc.a(_ashrdi3.o)
 .text          0x00000000        0x0 e:/programfilesfolder/microchip studio/7.0/toolchain/avr8/avr8-gnu-toolchain/bin/../lib/gcc/avr/5.4.0/avr5\libgcc.a(_udivmodhi4.o)
 .data          0x00000000        0x0 e:/programfilesfolder/microchip studio/7.0/toolchain/avr8/avr8-gnu-toolchain/bin/../lib/gcc/avr/5.4.0/avr5\libgcc.a(_udivmodhi4.o)
 .bss           0x00000000        0x0 e:/programfilesfolder/microchip studio/7.0/toolchain/avr8/avr8-gnu-toolchain/bin/../lib/gcc/avr/5.4.0/avr5\libgcc.a(_udivmodhi4.o)
 .text.libgcc.mul
                0x00000000        0x0 e:/programfilesfolder/microchip studio/7.0/toolchain/avr8/avr8-gnu-toolchain/bin/../lib/gcc/avr/5.4.0/avr5\libgcc.a(_udivmodhi4.o)
 .text.libgcc   0x00000000        0x0 e:/programfilesfolder/microchip studio/7.0/toolchain/avr8/avr8-gnu-toolchain/bin/../lib/gcc/avr/5.4.0/avr5\libgcc.a(_udivmodhi4.o)
 .text.libgcc.prologue
                0x00000000        0x0 e:/programfilesfolder/microchip studio/7.0/toolchain/avr8/avr8-gnu-toolchain/bin/../lib/gcc/avr/5.4.0/avr5\libgcc.a(_udivmodhi4.o)
 .text.libgcc.builtins
                0x00000000        0x0 e:/programfilesfolder/microchip studio/7.0/toolchain/avr8/avr8-gnu-toolchain/bin/../lib/gcc/avr/5.4.0/avr5\libgcc.a(_udivmodhi4.o)
 .text.libgcc.fmul
                0x00000000        0x0 e:/programfilesfolder/microchip studio/7.0/toolchain/avr8/avr8-gnu-toolchain/bin/../lib/gcc/avr/5.4.0/avr5\libgcc.a(_udivmodhi4.o)
 .text.libgcc.fixed
                0x00000000        0x0 e:/programfilesfolder/microchip studio/7.0/toolchain/avr8/avr8-gnu-toolchain/bin/../lib/gcc/avr/5.4.0/avr5\libgcc.a(_udivmodhi4.o)
 .text          0x00000000        0x0 e:/programfilesfolder/microchip studio/7.0/toolchain/avr8/avr8-gnu-toolchain/bin/../lib/gcc/avr/5.4.0/avr5\libgcc.a(_umulhisi3.o)
 .data          0x00000000        0x0 e:/programfilesfolder/microchip studio/7.0/toolchain/avr8/avr8-gnu-toolchain/bin/../lib/gcc/avr/5.4.0/avr5\libgcc.a(_umulhisi3.o)
 .bss           0x00000000        0x0 e:/programfilesfolder/microchip studio/7.0/toolchain/avr8/avr8-gnu-toolchain/bin/../lib/gcc/avr/5.4.0/avr5\libgcc.a(_umulhisi3.o)
 .text.libgcc.mul
                0x00000000       0x1e e:/programfilesfolder/microchip studio/7.0/toolchain/avr8/avr8-gnu-toolchain/bin/../lib/gcc/avr/5.4.0/avr5\libgcc.a(_umulhisi3.o)
 .text.libgcc.div
                0x00000000        0x0 e:/programfilesfolder/microchip studio/7.0/toolchain/avr8/avr8-gnu-toolchain/bin/../lib/gcc/avr/5.4.0/avr5\libgcc.a(_umulhisi3.o)
 .text.libgcc   0x00000000        0x0 e:/programfilesfolder/microchip studio/7.0/toolchain/avr8/avr8-gnu-toolchain/bin/../lib/gcc/avr/5.4.0/avr5\libgcc.a(_umulhisi3.o)
 .text.libgcc.prologue
                0x00000000        0x0 e:/programfilesfolder/microchip studio/7.0/toolchain/avr8/avr8-gnu-toolchain/bin/../lib/gcc/avr/5.4.0/avr5\libgcc.a(_umulhisi3.o)
 .text.libgcc.builtins
                0x00000000        0x0 e:/programfilesfolder/microchip studio/7.0/toolchain/avr8/avr8-gnu-toolchain/bin/../lib/gcc/avr/5.4.0/avr5\libgcc.a(_umulhisi3.o)
 .text.libgcc.fmul
                0x00000000        0x0 e:/programfilesfolder/microchip studio/7.0/toolchain/avr8/avr8-gnu-toolchain/bin/../lib/gcc/avr/5.4.0/avr5\libgcc.a(_umulhisi3.o)
 .text.libgcc.fixed
                0x00000000        0x0 e:/programfilesfolder/microchip studio/7.0/toolchain/avr8/avr8-gnu-toolchain/bin/../lib/gcc/avr/5.4.0/avr5\libgcc.a(_umulhisi3.o)

Memory Configuration

Name             Origin             Length             Attributes
text             0x00000000         0x00008000         xr
data             0x00800060         0x00000800         rw !x
eeprom           0x00810000         0x00000400         rw !x
fuse             0x00820000         0x00000002         rw !x
lock             0x00830000         0x00000400         rw !x
signature        0x00840000         0x00000400         rw !x
user_signatures  0x00850000         0x00000400         rw !x
*default*        0x00000000         0xffffffff

Linker script and memory map

LOAD E:/ProgramFilesFolder/Microchip Studio/7.0/Packs/atmel/ATmega_DFP/1.7.374/gcc/dev/atmega32/avr5/crtatmega32.o
LOAD Application/Application.o
LOAD HAL/GLCD/GLCD.o
LOAD main.o
LOAD MCAL/DIO/DIO.o
LOAD MCAL/ICU/ICU.o
LOAD MCAL/Timers/Timers.o
START GROUP
LOAD e:/programfilesfolder/microchip studio/7.0/toolchain/avr8/avr8-gnu-toolchain/bin/../lib/gcc/avr/5.4.0/../../../../avr/lib/avr5\libm.a
END GROUP
START GROUP
LOAD e:/programfilesfolder/microchip studio/7.0/toolchain/avr8/avr8-gnu-toolchain/bin/../lib/gcc/avr/5.4.0/avr5\libgcc.a
LOAD e:/programfilesfolder/microchip studio/7.0/toolchain/avr8/avr8-gnu-toolchain/bin/../lib/gcc/avr/5.4.0/../../../../avr/lib/avr5\libm.a
LOAD e:/programfilesfolder/microchip studio/7.0/toolchain/avr8/avr8-gnu-toolchain/bin/../lib/gcc/avr/5.4.0/../../../../avr/lib/avr5\libc.a
LOAD E:/ProgramFilesFolder/Microchip Studio/7.0/Packs/atmel/ATmega_DFP/1.7.374/gcc/dev/atmega32/avr5\libatmega32.a
END GROUP
                0x00000000                __TEXT_REGION_ORIGIN__ = DEFINED (__TEXT_REGION_ORIGIN__)?__TEXT_REGION_ORIGIN__:0x0
                [0x00800060]                __DATA_REGION_ORIGIN__ = DEFINED (__DATA_REGION_ORIGIN__)?__DATA_REGION_ORIGIN__:0x800060
                [0x00008000]                __TEXT_REGION_LENGTH__ = DEFINED (__TEXT_REGION_LENGTH__)?__TEXT_REGION_LENGTH__:0x20000
                [0x00000800]                __DATA_REGION_LENGTH__ = DEFINED (__DATA_REGION_LENGTH__)?__DATA_REGION_LENGTH__:0xffa0
                [0x00000400]                __EEPROM_REGION_LENGTH__ = DEFINED (__EEPROM_REGION_LENGTH__)?__EEPROM_REGION_LENGTH__:0x10000
                [0x00000002]                __FUSE_REGION_LENGTH__ = DEFINED (__FUSE_REGION_LENGTH__)?__FUSE_REGION_LENGTH__:0x400
                0x00000400                __LOCK_REGION_LENGTH__ = DEFINED (__LOCK_REGION_LENGTH__)?__LOCK_REGION_LENGTH__:0x400
                0x00000400                __SIGNATURE_REGION_LENGTH__ = DEFINED (__SIGNATURE_REGION_LENGTH__)?__SIGNATURE_REGION_LENGTH__:0x400
                0x00000400                __USER_SIGNATURE_REGION_LENGTH__ = DEFINED (__USER_SIGNATURE_REGION_LENGTH__)?__USER_SIGNATURE_REGION_LENGTH__:0x400

.hash
 *(.hash)

.dynsym
 *(.dynsym)

.dynstr
 *(.dynstr)

.gnu.version
 *(.gnu.version)

.gnu.version_d
 *(.gnu.version_d)

.gnu.version_r
 *(.gnu.version_r)

.rel.init
 *(.rel.init)

.rela.init
 *(.rela.init)

.rel.text
 *(.rel.text)
 *(.rel.text.*)
 *(.rel.gnu.linkonce.t*)

.rela.text
 *(.rela.text)
 *(.rela.text.*)
 *(.rela.gnu.linkonce.t*)

.rel.fini
 *(.rel.fini)

.rela.fini
 *(.rela.fini)

.rel.rodata
 *(.rel.rodata)
 *(.rel.rodata.*)
 *(.rel.gnu.linkonce.r*)

.rela.rodata
 *(.rela.rodata)
 *(.rela.rodata.*)
 *(.rela.gnu.linkonce.r*)

.rel.data
 *(.rel.data)
 *(.rel.data.*)
 *(.rel.gnu.linkonce.d*)

.rela.data
 *(.rela.data)
 *(.rela.data.*)
 *(.rela.gnu.linkonce.d*)

.rel.ctors
 *(.rel.ctors)

.rela.ctors
 *(.rela.ctors)

.rel.dtors
 *(.rel.dtors)

.rela.dtors
 *(.rela.dtors)

.rel.got
 *(.rel.got)

.rela.got
 *(.rela.got)

.rel.bss
 *(.rel.bss)

.rela.bss
 *(.rela.bss)

.rel.plt
 *(.rel.plt)

.rela.plt
 *(.rela.plt)

.text           0x00000000     0x15d4
 *(.vectors)
 .vectors       0x00000000       0x54 E:/ProgramFilesFolder/Microchip Studio/7.0/Packs/atmel/ATmega_DFP/1.7.374/gcc/dev/atmega32/avr5/crtatmega32.o
                0x00000000                __vector_default
                0x00000000                __vectors
 *(.vectors)
 *(.progmem.gcc*)
 .progmem.gcc_sw_table.GLCD_DisplayCharacter
                0x00000054       0xb6 HAL/GLCD/GLCD.o
                0x0000010a                . = ALIGN (0x2)
                0x0000010a                __trampolines_start = .
 *(.trampolines)
 .trampolines   0x0000010a        0x0 linker stubs
 *(.trampolines*)
                0x0000010a                __trampolines_end = .
 *libprintf_flt.a:*(.progmem.data)
 *libc.a:*(.progmem.data)
 *(.progmem*)
                0x0000010a                . = ALIGN (0x2)
 *(.jumptables)
 *(.jumptables*)
 *(.lowtext)
 *(.lowtext*)
                0x0000010a                __ctors_start = .
 *(.ctors)
                0x0000010a                __ctors_end = .
                0x0000010a                __dtors_start = .
 *(.dtors)
                0x0000010a                __dtors_end = .
 SORT(*)(.ctors)
 SORT(*)(.dtors)
 *(.init0)
 .init0         0x0000010a        0x0 E:/ProgramFilesFolder/Microchip Studio/7.0/Packs/atmel/ATmega_DFP/1.7.374/gcc/dev/atmega32/avr5/crtatmega32.o
                0x0000010a                __init
 *(.init0)
 *(.init1)
 *(.init1)
 *(.init2)
 .init2         0x0000010a        0xc E:/ProgramFilesFolder/Microchip Studio/7.0/Packs/atmel/ATmega_DFP/1.7.374/gcc/dev/atmega32/avr5/crtatmega32.o
 *(.init2)
 *(.init3)
 *(.init3)
 *(.init4)
 .init4         0x00000116       0x16 e:/programfilesfolder/microchip studio/7.0/toolchain/avr8/avr8-gnu-toolchain/bin/../lib/gcc/avr/5.4.0/avr5\libgcc.a(_copy_data.o)
                0x00000116                __do_copy_data
 .init4         0x0000012c       0x10 e:/programfilesfolder/microchip studio/7.0/toolchain/avr8/avr8-gnu-toolchain/bin/../lib/gcc/avr/5.4.0/avr5\libgcc.a(_clear_bss.o)
                0x0000012c                __do_clear_bss
 *(.init4)
 *(.init5)
 *(.init5)
 *(.init6)
 *(.init6)
 *(.init7)
 *(.init7)
 *(.init8)
 *(.init8)
 *(.init9)
 .init9         0x0000013c        0x8 E:/ProgramFilesFolder/Microchip Studio/7.0/Packs/atmel/ATmega_DFP/1.7.374/gcc/dev/atmega32/avr5/crtatmega32.o
 *(.init9)
 *(.text)
 .text          0x00000144        0x4 E:/ProgramFilesFolder/Microchip Studio/7.0/Packs/atmel/ATmega_DFP/1.7.374/gcc/dev/atmega32/avr5/crtatmega32.o
                0x00000144                __vector_1
                0x00000144                __vector_12
                0x00000144                __bad_interrupt
                0x00000144                __vector_6
                0x00000144                __vector_3
                0x00000144                __vector_11
                0x00000144                __vector_13
                0x00000144                __vector_17
                0x00000144                __vector_19
                0x00000144                __vector_7
                0x00000144                __vector_5
                0x00000144                __vector_4
                0x00000144                __vector_9
                0x00000144                __vector_2
                0x00000144                __vector_15
                0x00000144                __vector_8
                0x00000144                __vector_14
                0x00000144                __vector_10
                0x00000144                __vector_16
                0x00000144                __vector_18
                0x00000144                __vector_20
                0x00000148                . = ALIGN (0x2)
 *(.text.*)
 .text.APP_Init
                0x00000148       0x1a Application/Application.o
                0x00000148                APP_Init
 .text.APP_MeasureSignal
                0x00000162       0xe2 Application/Application.o
                0x00000162                APP_MeasureSignal
 .text.APP_DrawSignal
                0x00000244      0x2b0 Application/Application.o
                0x00000244                APP_DrawSignal
 .text.GLCD_SelectPage
                0x000004f4       0x68 HAL/GLCD/GLCD.o
                0x000004f4                GLCD_SelectPage
 .text.GLCD_SendCommand
                0x0000055c       0x40 HAL/GLCD/GLCD.o
                0x0000055c                GLCD_SendCommand
 .text.GLCD_Init
                0x0000059c       0x86 HAL/GLCD/GLCD.o
                0x0000059c                GLCD_Init
 .text.GLCD_SendData
                0x00000622       0x40 HAL/GLCD/GLCD.o
                0x00000622                GLCD_SendData
 .text.GLCD_Reset
                0x00000662       0x1e HAL/GLCD/GLCD.o
                0x00000662                GLCD_Reset
 .text.GLCD_DisplayPattern
                0x00000680       0xa6 HAL/GLCD/GLCD.o
                0x00000680                GLCD_DisplayPattern
 .text.GLCD_DisplayCharacter
                0x00000726      0x330 HAL/GLCD/GLCD.o
                0x00000726                GLCD_DisplayCharacter
 .text.GLCD_DisplayString
                0x00000a56       0x1a HAL/GLCD/GLCD.o
                0x00000a56                GLCD_DisplayString
 .text.GLCD_DisplayInteger
                0x00000a70       0x86 HAL/GLCD/GLCD.o
                0x00000a70                GLCD_DisplayInteger
 .text.GLCD_DisplayFloatingNumber
                0x00000af6       0x98 HAL/GLCD/GLCD.o
                0x00000af6                GLCD_DisplayFloatingNumber
 .text.GLCD_GoToLine
                0x00000b8e       0x28 HAL/GLCD/GLCD.o
                0x00000b8e                GLCD_GoToLine
 .text.GLCD_ClearDisplay
                0x00000bb6       0x4c HAL/GLCD/GLCD.o
                0x00000bb6                GLCD_ClearDisplay
 .text.main     0x00000c02       0x62 main.o
                0x00000c02                main
 .text.DIO_SetPinDirection
                0x00000c64       0xe6 MCAL/DIO/DIO.o
                0x00000c64                DIO_SetPinDirection
 .text.DIO_SetPinValue
                0x00000d4a       0xe6 MCAL/DIO/DIO.o
                0x00000d4a                DIO_SetPinValue
 .text.DIO_SetPortDirection
                0x00000e30       0x20 MCAL/DIO/DIO.o
                0x00000e30                DIO_SetPortDirection
 .text.DIO_SetPortValue
                0x00000e50       0x20 MCAL/DIO/DIO.o
                0x00000e50                DIO_SetPortValue
 .text.ICU_InitTimer1
                0x00000e70       0x4a MCAL/ICU/ICU.o
 .text.ICU_Init
                0x00000eba        0xe MCAL/ICU/ICU.o
                0x00000eba                ICU_Init
 .text.ICU_SetTriggerEdge
                0x00000ec8       0x1a MCAL/ICU/ICU.o
                0x00000ec8                ICU_SetTriggerEdge
 .text.ICU_ClearTimerValue
                0x00000ee2        0xa MCAL/ICU/ICU.o
                0x00000ee2                ICU_ClearTimerValue
 .text.ICU_GetInputCaptureValue
                0x00000eec       0x10 MCAL/ICU/ICU.o
                0x00000eec                ICU_GetInputCaptureValue
 .text.ICU_GetStatus
                0x00000efc       0x1c MCAL/ICU/ICU.o
                0x00000efc                ICU_GetStatus
 .text.ICU_GetDutyCycle_Timer1
                0x00000f18      0x11a MCAL/ICU/ICU.o
 .text.ICU_GetDutyCycle
                0x00001032        0xe MCAL/ICU/ICU.o
                0x00001032                ICU_GetDutyCycle
 .text.PWM_InitTimer0
                0x00001040       0xd8 MCAL/Timers/Timers.o
 .text.PWM_Init
                0x00001118        0xe MCAL/Timers/Timers.o
                0x00001118                PWM_Init
 .text.avr-libc.fplib
                0x00001126        0xe e:/programfilesfolder/microchip studio/7.0/toolchain/avr8/avr8-gnu-toolchain/bin/../lib/gcc/avr/5.4.0/../../../../avr/lib/avr5\libm.a(addsf3.o)
                0x00001126                __subsf3
                0x00001128                __addsf3
 .text.avr-libc.fplib
                0x00001134       0xcc e:/programfilesfolder/microchip studio/7.0/toolchain/avr8/avr8-gnu-toolchain/bin/../lib/gcc/avr/5.4.0/../../../../avr/lib/avr5\libm.a(addsf3x.o)
                0x00001156                __addsf3x
 .text.avr-libc.fplib
                0x00001200        0x8 e:/programfilesfolder/microchip studio/7.0/toolchain/avr8/avr8-gnu-toolchain/bin/../lib/gcc/avr/5.4.0/../../../../avr/lib/avr5\libm.a(divsf3.o)
                0x00001200                __divsf3
 .text.avr-libc.fplib
                0x00001208       0xdc e:/programfilesfolder/microchip studio/7.0/toolchain/avr8/avr8-gnu-toolchain/bin/../lib/gcc/avr/5.4.0/../../../../avr/lib/avr5\libm.a(divsf3x.o)
                0x00001228                __divsf3x
                0x0000122e                __divsf3_pse
 .text.avr-libc.fplib
                0x000012e4       0x5e e:/programfilesfolder/microchip studio/7.0/toolchain/avr8/avr8-gnu-toolchain/bin/../lib/gcc/avr/5.4.0/../../../../avr/lib/avr5\libm.a(fixunssfsi.o)
                0x000012e4                __fixunssfsi
 .text.avr-libc.fplib
                0x00001342       0x7a e:/programfilesfolder/microchip studio/7.0/toolchain/avr8/avr8-gnu-toolchain/bin/../lib/gcc/avr/5.4.0/../../../../avr/lib/avr5\libm.a(floatsisf.o)
                0x00001342                __floatunsisf
                0x00001346                __floatsisf
 .text.avr-libc.fplib
                0x000013bc        0xc e:/programfilesfolder/microchip studio/7.0/toolchain/avr8/avr8-gnu-toolchain/bin/../lib/gcc/avr/5.4.0/../../../../avr/lib/avr5\libm.a(fp_inf.o)
                0x000013bc                __fp_inf
 .text.avr-libc.fplib
                0x000013c8        0x6 e:/programfilesfolder/microchip studio/7.0/toolchain/avr8/avr8-gnu-toolchain/bin/../lib/gcc/avr/5.4.0/../../../../avr/lib/avr5\libm.a(fp_nan.o)
                0x000013c8                __fp_nan
 .text.avr-libc.fplib
                0x000013ce        0xe e:/programfilesfolder/microchip studio/7.0/toolchain/avr8/avr8-gnu-toolchain/bin/../lib/gcc/avr/5.4.0/../../../../avr/lib/avr5\libm.a(fp_pscA.o)
                0x000013ce                __fp_pscA
 .text.avr-libc.fplib
                0x000013dc        0xe e:/programfilesfolder/microchip studio/7.0/toolchain/avr8/avr8-gnu-toolchain/bin/../lib/gcc/avr/5.4.0/../../../../avr/lib/avr5\libm.a(fp_pscB.o)
                0x000013dc                __fp_pscB
 .text.avr-libc.fplib
                0x000013ea       0x22 e:/programfilesfolder/microchip studio/7.0/toolchain/avr8/avr8-gnu-toolchain/bin/../lib/gcc/avr/5.4.0/../../../../avr/lib/avr5\libm.a(fp_round.o)
                0x000013ea                __fp_round
 .text.avr-libc.fplib
                0x0000140c       0x44 e:/programfilesfolder/microchip studio/7.0/toolchain/avr8/avr8-gnu-toolchain/bin/../lib/gcc/avr/5.4.0/../../../../avr/lib/avr5\libm.a(fp_split3.o)
                0x0000140c                __fp_split3
                0x0000141c                __fp_splitA
 .text.avr-libc.fplib
                0x00001450        0xe e:/programfilesfolder/microchip studio/7.0/toolchain/avr8/avr8-gnu-toolchain/bin/../lib/gcc/avr/5.4.0/../../../../avr/lib/avr5\libm.a(fp_zero.o)
                0x00001450                __fp_zero
                0x00001452                __fp_szero
 .text.avr-libc.fplib
                0x0000145e        0x8 e:/programfilesfolder/microchip studio/7.0/toolchain/avr8/avr8-gnu-toolchain/bin/../lib/gcc/avr/5.4.0/../../../../avr/lib/avr5\libm.a(mulsf3.o)
                0x0000145e                __mulsf3
 .text.avr-libc.fplib
                0x00001466       0xd2 e:/programfilesfolder/microchip studio/7.0/toolchain/avr8/avr8-gnu-toolchain/bin/../lib/gcc/avr/5.4.0/../../../../avr/lib/avr5\libm.a(mulsf3x.o)
                0x00001484                __mulsf3x
                0x0000148a                __mulsf3_pse
 .text.libgcc.div
                0x00001538       0x28 e:/programfilesfolder/microchip studio/7.0/toolchain/avr8/avr8-gnu-toolchain/bin/../lib/gcc/avr/5.4.0/avr5\libgcc.a(_divmodhi4.o)
                0x00001538                _div
                0x00001538                __divmodhi4
 .text.libgcc   0x00001560        0xc e:/programfilesfolder/microchip studio/7.0/toolchain/avr8/avr8-gnu-toolchain/bin/../lib/gcc/avr/5.4.0/avr5\libgcc.a(_tablejump2.o)
                0x00001560                __tablejump2__
 .text.libgcc.builtins
                0x0000156c       0x3c e:/programfilesfolder/microchip studio/7.0/toolchain/avr8/avr8-gnu-toolchain/bin/../lib/gcc/avr/5.4.0/avr5\libgcc.a(_ashrdi3.o)
                0x0000156c                __ashrdi3
                0x00001570                __lshrdi3
 .text.libgcc.div
                0x000015a8       0x28 e:/programfilesfolder/microchip studio/7.0/toolchain/avr8/avr8-gnu-toolchain/bin/../lib/gcc/avr/5.4.0/avr5\libgcc.a(_udivmodhi4.o)
                0x000015a8                __udivmodhi4
                0x000015d0                . = ALIGN (0x2)
 *(.fini9)
 .fini9         0x000015d0        0x0 e:/programfilesfolder/microchip studio/7.0/toolchain/avr8/avr8-gnu-toolchain/bin/../lib/gcc/avr/5.4.0/avr5\libgcc.a(_exit.o)
                0x000015d0                _exit
                0x000015d0                exit
 *(.fini9)
 *(.fini8)
 *(.fini8)
 *(.fini7)
 *(.fini7)
 *(.fini6)
 *(.fini6)
 *(.fini5)
 *(.fini5)
 *(.fini4)
 *(.fini4)
 *(.fini3)
 *(.fini3)
 *(.fini2)
 *(.fini2)
 *(.fini1)
 *(.fini1)
 *(.fini0)
 .fini0         0x000015d0        0x4 e:/programfilesfolder/microchip studio/7.0/toolchain/avr8/avr8-gnu-toolchain/bin/../lib/gcc/avr/5.4.0/avr5\libgcc.a(_exit.o)
 *(.fini0)
                0x000015d4                _etext = .

.data           0x00800060       0x4a load address 0x000015d4
                0x00800060                PROVIDE (__data_start, .)
 *(.data)
 *(.data*)
 *(.gnu.linkonce.d*)
 *(.rodata)
 .rodata        0x00800060       0x37 Application/Application.o
 *(.rodata*)
 .rodata.str1.1
                0x00800097        0x5 Application/Application.o
                                  0x6 (size before relaxing)
 .rodata.ICU_Config
                0x0080009c        0x4 MCAL/ICU/ICU.o
                0x0080009c                ICU_Config
 .rodata.PWM_Config
                0x008000a0        0x9 MCAL/Timers/Timers.o
                0x008000a0                PWM_Config
 *(.gnu.linkonce.r*)
                0x008000aa                . = ALIGN (0x2)
 *fill*         0x008000a9        0x1 
                0x008000aa                _edata = .
                0x008000aa                PROVIDE (__data_end, .)

.bss            0x008000aa        0x3
                0x008000aa                PROVIDE (__bss_start, .)
 *(.bss)
 *(.bss*)
 .bss.CurrentPage
                0x008000aa        0x1 HAL/GLCD/GLCD.o
                0x008000aa                CurrentPage
 .bss.Current_Y_Address
                0x008000ab        0x1 HAL/GLCD/GLCD.o
                0x008000ab                Current_Y_Address
 .bss.Current_X_Address
                0x008000ac        0x1 HAL/GLCD/GLCD.o
                0x008000ac                Current_X_Address
 *(COMMON)
                0x008000ad                PROVIDE (__bss_end, .)
                0x000015d4                __data_load_start = LOADADDR (.data)
                0x0000161e                __data_load_end = (__data_load_start + SIZEOF (.data))

.noinit         0x008000ad        0x0
                [!provide]                PROVIDE (__noinit_start, .)
 *(.noinit*)
                [!provide]                PROVIDE (__noinit_end, .)
                0x008000ad                _end = .
                [!provide]                PROVIDE (__heap_start, .)

.eeprom         0x00810000        0x0
 *(.eeprom*)
                0x00810000                __eeprom_end = .

.fuse
 *(.fuse)
 *(.lfuse)
 *(.hfuse)
 *(.efuse)

.lock
 *(.lock*)

.signature
 *(.signature*)

.user_signatures
 *(.user_signatures*)

.stab
 *(.stab)

.stabstr
 *(.stabstr)

.stab.excl
 *(.stab.excl)

.stab.exclstr
 *(.stab.exclstr)

.stab.index
 *(.stab.index)

.stab.indexstr
 *(.stab.indexstr)

.comment        0x00000000       0x30
 *(.comment)
 .comment       0x00000000       0x30 Application/Application.o
                                 0x31 (size before relaxing)
 .comment       0x00000030       0x31 HAL/GLCD/GLCD.o
 .comment       0x00000030       0x31 main.o
 .comment       0x00000030       0x31 MCAL/DIO/DIO.o
 .comment       0x00000030       0x31 MCAL/ICU/ICU.o
 .comment       0x00000030       0x31 MCAL/Timers/Timers.o

.note.gnu.avr.deviceinfo
                0x00000000       0x3c
 .note.gnu.avr.deviceinfo
                0x00000000       0x3c E:/ProgramFilesFolder/Microchip Studio/7.0/Packs/atmel/ATmega_DFP/1.7.374/gcc/dev/atmega32/avr5/crtatmega32.o

.note.gnu.build-id
 *(.note.gnu.build-id)

.debug
 *(.debug)

.line
 *(.line)

.debug_srcinfo
 *(.debug_srcinfo)

.debug_sfnames
 *(.debug_sfnames)

.debug_aranges  0x00000000      0x1d0
 *(.debug_aranges)
 .debug_aranges
                0x00000000       0x30 Application/Application.o
 .debug_aranges
                0x00000030       0x78 HAL/GLCD/GLCD.o
 .debug_aranges
                0x000000a8       0x20 main.o
 .debug_aranges
                0x000000c8       0x48 MCAL/DIO/DIO.o
 .debug_aranges
                0x00000110       0x58 MCAL/ICU/ICU.o
 .debug_aranges
                0x00000168       0x68 MCAL/Timers/Timers.o

.debug_pubnames
 *(.debug_pubnames)

.debug_info     0x00000000     0x2688
 *(.debug_info .gnu.linkonce.wi.*)
 .debug_info    0x00000000      0x4e6 E:/ProgramFilesFolder/Microchip Studio/7.0/Packs/atmel/ATmega_DFP/1.7.374/gcc/dev/atmega32/avr5/crtatmega32.o
 .debug_info    0x000004e6      0x70e Application/Application.o
 .debug_info    0x00000bf4      0xb6e HAL/GLCD/GLCD.o
 .debug_info    0x00001762      0x216 main.o
 .debug_info    0x00001978      0x1f8 MCAL/DIO/DIO.o
 .debug_info    0x00001b70      0x4ff MCAL/ICU/ICU.o
 .debug_info    0x0000206f      0x619 MCAL/Timers/Timers.o

.debug_abbrev   0x00000000      0xcde
 *(.debug_abbrev)
 .debug_abbrev  0x00000000      0x4a3 E:/ProgramFilesFolder/Microchip Studio/7.0/Packs/atmel/ATmega_DFP/1.7.374/gcc/dev/atmega32/avr5/crtatmega32.o
 .debug_abbrev  0x000004a3      0x162 Application/Application.o
 .debug_abbrev  0x00000605      0x1bb HAL/GLCD/GLCD.o
 .debug_abbrev  0x000007c0      0x144 main.o
 .debug_abbrev  0x00000904       0xb4 MCAL/DIO/DIO.o
 .debug_abbrev  0x000009b8      0x157 MCAL/ICU/ICU.o
 .debug_abbrev  0x00000b0f      0x1cf MCAL/Timers/Timers.o

.debug_line     0x00000000     0x14f2
 *(.debug_line .debug_line.* .debug_line_end)
 .debug_line    0x00000000      0x116 E:/ProgramFilesFolder/Microchip Studio/7.0/Packs/atmel/ATmega_DFP/1.7.374/gcc/dev/atmega32/avr5/crtatmega32.o
 .debug_line    0x00000116      0x2a7 Application/Application.o
 .debug_line    0x000003bd      0x617 HAL/GLCD/GLCD.o
 .debug_line    0x000009d4      0x178 main.o
 .debug_line    0x00000b4c      0x1d8 MCAL/DIO/DIO.o
 .debug_line    0x00000d24      0x243 MCAL/ICU/ICU.o
 .debug_line    0x00000f67      0x58b MCAL/Timers/Timers.o

.debug_frame    0x00000000      0x4ac
 *(.debug_frame)
 .debug_frame   0x00000000       0xc0 Application/Application.o
 .debug_frame   0x000000c0      0x194 HAL/GLCD/GLCD.o
 .debug_frame   0x00000254       0x34 main.o
 .debug_frame   0x00000288       0x74 MCAL/DIO/DIO.o
 .debug_frame   0x000002fc       0xc8 MCAL/ICU/ICU.o
 .debug_frame   0x000003c4       0xe8 MCAL/Timers/Timers.o

.debug_str      0x00000000      0xf1d
 *(.debug_str)
 .debug_str     0x00000000      0x196 E:/ProgramFilesFolder/Microchip Studio/7.0/Packs/atmel/ATmega_DFP/1.7.374/gcc/dev/atmega32/avr5/crtatmega32.o
 .debug_str     0x00000196      0x684 Application/Application.o
                                0x6d4 (size before relaxing)
 .debug_str     0x0000081a      0x288 HAL/GLCD/GLCD.o
                                0x517 (size before relaxing)
 .debug_str     0x00000aa2       0x2c main.o
                                0x2ca (size before relaxing)
 .debug_str     0x00000ace       0x44 MCAL/DIO/DIO.o
                                0x269 (size before relaxing)
 .debug_str     0x00000b12       0xf8 MCAL/ICU/ICU.o
                                0x4e7 (size before relaxing)
 .debug_str     0x00000c0a      0x313 MCAL/Timers/Timers.o
                                0x6cb (size before relaxing)

.debug_loc      0x00000000     0x1a6c
 *(.debug_loc)
 .debug_loc     0x00000000      0x2ae Application/Application.o
 .debug_loc     0x000002ae      0x9c3 HAL/GLCD/GLCD.o
 .debug_loc     0x00000c71       0x65 main.o
 .debug_loc     0x00000cd6      0x30c MCAL/DIO/DIO.o
 .debug_loc     0x00000fe2      0x35a MCAL/ICU/ICU.o
 .debug_loc     0x0000133c      0x730 MCAL/Timers/Timers.o

.debug_macinfo
 *(.debug_macinfo)

.debug_weaknames
 *(.debug_weaknames)

.debug_funcnames
 *(.debug_funcnames)

.debug_typenames
 *(.debug_typenames)

.debug_varnames
 *(.debug_varnames)

.debug_pubtypes
 *(.debug_pubtypes)

.debug_ranges   0x00000000      0x170
 *(.debug_ranges)
 .debug_ranges  0x00000000       0x20 Application/Application.o
 .debug_ranges  0x00000020       0x68 HAL/GLCD/GLCD.o
 .debug_ranges  0x00000088       0x10 main.o
 .debug_ranges  0x00000098       0x38 MCAL/DIO/DIO.o
 .debug_ranges  0x000000d0       0x48 MCAL/ICU/ICU.o
 .debug_ranges  0x00000118       0x58 MCAL/Timers/Timers.o

.debug_macro
 *(.debug_macro)
OUTPUT(PWM_Drawer_SourceCode.elf elf32-avr)
LOAD linker stubs
